C51 COMPILER V9.60.0.0   SOURCE                                                            06/01/2020 15:18:57 PAGE 1   


C51 COMPILER V9.60.0.0, COMPILATION OF MODULE SOURCE
OBJECT MODULE PLACED IN .\Objects\source.obj
COMPILER INVOKED BY: C:\Keil_v5\C51\BIN\C51.EXE source.c OPTIMIZE(8,SPEED) BROWSE DEBUG OBJECTEXTEND PRINT(.\Listings\so
                    -urce.lst) TABS(2) OBJECT(.\Objects\source.obj)

line level    source

   1          #include<reg51.h>
   2          #include<stdio.h>
   3          sbit ALE=P0^4;  
   4          sbit OE=P0^7; 
   5          sbit START=P0^5; 
   6          sbit EOC=P0^6;  
   7          
   8          sbit ADDA=P0^0;  //Address pins for selecting input channels.
   9          sbit ADDB=P0^1;
  10          sbit ADDC=P0^2;
  11          #define Adc_Data P2  //ADC
  12          #define DAC_port P3  //DAC
  13          #define state P1
  14          unsigned char x=1;
  15          
  16          
  17           int result;
  18          //filtration constants
  19          unsigned char N = 11;
  20          unsigned char last_input = 0;   // initial state flag
  21          unsigned char oldest_input = 0;
  22          unsigned char full = 0;
  23          int z[11]={0};
  24          
  25          //target is lowpass 150hz, high pass 1hz,notch filter at 50hz
  26          
  27          
  28          void filter (int x,float coeff[])     // x is the input from adc
  29          {
  30   1        unsigned char n;
  31   1        result = 0;
  32   1      
  33   1      
  34   1        z[last_input] = x;
  35   1        last_input = (last_input + 1) % N;
  36   1      
  37   1        if (last_input == 0)
  38   1          {
  39   2            full = 1;
  40   2          }
  41   1      
  42   1        if (full == 0)
  43   1          {
  44   2            for (n = 0; n < last_input; n++)  // idx =1
  45   2          {
  46   3            result += z[n] * coeff[-n+N-1] * 255;
  47   3          }
  48   2          }
  49   1      
  50   1        else
  51   1          {
  52   2            //  oldest_input = (last_input + 1) % N;
  53   2            for (n = 0; n < N; n++) // idx =1
  54   2          {
C51 COMPILER V9.60.0.0   SOURCE                                                            06/01/2020 15:18:57 PAGE 2   

  55   3              result += z[(oldest_input + n) % N] * coeff[-n+N-1] * 255;  
  56   3          
  57   3          }
  58   2            oldest_input = (last_input + 1) % N;
  59   2      
  60   2          }
  61   1      
  62   1          result = (result>>8); // take Higher 8 bits i.e shifting to right , 
  63   1        DAC_port= result;
  64   1      }
  65          
  66          void read_adc(float coeff[]) //Function to drive ADC
  67          {
  68   1          ALE=1;
  69   1          START=1;
  70   1          ALE=0;
  71   1          START=0;
  72   1          while(EOC==1);
  73   1          while(EOC==0);
  74   1          OE=1;
  75   1        filter(Adc_Data,coeff);
  76   1          OE=0;
  77   1      }
  78          void adc(float coeff[]) 
  79          {
  80   1          ADDC=0; // Selecting input channel IN0 using address lines
  81   1          ADDB=0;
  82   1          ADDA=0;
  83   1          read_adc(coeff);
  84   1      }
  85          
  86          
  87          void main()
  88          { 
  89   1        Adc_Data = 0xFF ;
  90   1        state =0xFF ;
  91   1      
  92   1       // low at 2khz
  93   1      float coeff[]={0.000763, 0.005268, 0.014201, 0.025856, 0.035975, 0.040000, 0.035975, 0.025856, 0.014201, 0
             -.005268, 0.000763}; 
*** ERROR C141 IN LINE 93 OF source.c: syntax error near 'float', expected '__asm'
*** ERROR C141 IN LINE 93 OF source.c: syntax error near '}', expected ';'
  94   1      
  95   1      if (state == 8 ){ // notch at 5000hz
  96   2      float coeff[]={-0.000001, 
  97   2      -0.000088, 
  98   2      -0.000433, 
  99   2      -0.001062, 
 100   2      -0.001717, 
 101   2      0.998000, 
 102   2      -0.001717, 
 103   2      -0.001062, 
 104   2      -0.000433, 
 105   2      -0.000088, 
 106   2      -0.000001}; 
 107   2      }
 108   1      if (state == 16 ){ // high at 2khz
 109   2      float coeff[]={0.000763, 
 110   2      0.005268, 
 111   2      0.014201, 
 112   2      0.025856, 
 113   2      0.035975, 
C51 COMPILER V9.60.0.0   SOURCE                                                            06/01/2020 15:18:57 PAGE 3   

 114   2      0.040000, 
 115   2      0.035975, 
 116   2      0.025856, 
 117   2      0.014201, 
 118   2      0.005268, 
 119   2      0.000763};  
 120   2      }
 121   1      
 122   1          EOC=1;
 123   1          ALE=0;
 124   1          OE=0;
 125   1          START=0;
 126   1          IE=0x82;
 127   1          TR0=1;
 128   1          while(1)
 129   1          {
 130   2              adc(coeff);
*** ERROR C202 IN LINE 130 OF source.c: 'coeff': undefined identifier
 131   2          }
 132   1          
 133   1      }

C51 COMPILATION COMPLETE.  0 WARNING(S),  3 ERROR(S)
